%!Adobe-FontList 1.14
%Locale:0x407

%BeginFont
Handler:DirectoryHandler
FontType:Type1
FontName:EuropeanPiStd-3
FamilyName:European Pi Std
StyleName:3
FullName:European Pi Std 3
MenuName:European Pi Std 3
StyleBits:0
WritingScript:Roman
OutlineFileName:C:\Users\veigel\Desktop\blink\Vorgaben_blink Ordner\Document fonts\EUROPEANPISTD-3.OTF
DataFormat:sfntData
UsesStandardEncoding:no
isCFF:yes
FileLength:17052
FileModTime:1533030741
WeightClass:400
WidthClass:5
AngleClass:0
%EndFont

%BeginFont
Handler:DirectoryHandler
FontType:Type1
FontName:MinionPro-Regular
FamilyName:Minion Pro
StyleName:Regular
FullName:Minion Pro
MenuName:Minion Pro
StyleBits:0
WritingScript:Roman
OutlineFileName:C:\Users\veigel\Desktop\blink\Vorgaben_blink Ordner\Document fonts\MinionPro-Regular.otf
DataFormat:sfntData
UsesStandardEncoding:yes
isCFF:yes
FileLength:217280
FileModTime:1329303226
WeightClass:400
WidthClass:5
AngleClass:0
DesignSize:110
%EndFont

%BeginFont
Handler:DirectoryHandler
FontType:Type1
FontName:PoloST11K-Buch
FamilyName:Polo S T 11 K
StyleName:Buch
FullName:PoloST11K-Buch
MenuName:PoloST11K-Buch
StyleBits:0
WritingScript:Roman
OutlineFileName:C:\Users\veigel\Desktop\blink\Vorgaben_blink Ordner\Document fonts\polost11k-buch.pfb
DataFormat:Plain
UsesStandardEncoding:no
isCFF:no
FileLength:37281
FileModTime:1533017852
WeightClass:400
WidthClass:5
AngleClass:0
DesignSize:-1
%EndFont

%BeginFont
Handler:DirectoryHandler
FontType:PFM
FontName:PoloST11K-Buch
NumMMAxes:0
OutlineFileName:C:\Users\veigel\Desktop\blink\Vorgaben_blink Ordner\Document fonts\POLOST11K-BUCH.PFM
FileLength:2482
FileModTime:1533017852
%EndFont

%BeginFont
Handler:DirectoryHandler
FontType:Type1
FontName:PoloST11K-Hfett
FamilyName:Polo S T 11 K
StyleName:Hfett
FullName:PoloST11K-Hfett
MenuName:PoloST11K-Hfett
StyleBits:0
WritingScript:Roman
OutlineFileName:C:\Users\veigel\Desktop\blink\Vorgaben_blink Ordner\Document fonts\polost11k-hfett.pfb
DataFormat:Plain
UsesStandardEncoding:no
isCFF:no
FileLength:36445
FileModTime:1533017851
WeightClass:400
WidthClass:5
AngleClass:0
DesignSize:-1
%EndFont

%BeginFont
Handler:DirectoryHandler
FontType:PFM
FontName:PoloST11K-Hfett
NumMMAxes:0
OutlineFileName:C:\Users\veigel\Desktop\blink\Vorgaben_blink Ordner\Document fonts\POLOST11K-HFETT.PFM
FileLength:2476
FileModTime:1533017851
%EndFont

%BeginFont
Handler:DirectoryHandler
FontType:Type1
FontName:PoloST11K-Krftg
FamilyName:Polo S T 11 K
StyleName:Krftg
FullName:PoloST11K-Krftg
MenuName:PoloST11K-Krftg
StyleBits:0
WritingScript:Roman
OutlineFileName:C:\Users\veigel\Desktop\blink\Vorgaben_blink Ordner\Document fonts\polost11k-krftg.pfb
DataFormat:Plain
UsesStandardEncoding:no
isCFF:no
FileLength:37142
FileModTime:1533017851
WeightClass:400
WidthClass:5
AngleClass:0
DesignSize:-1
%EndFont

%BeginFont
Handler:DirectoryHandler
FontType:PFM
FontName:PoloST11K-Krftg
NumMMAxes:0
OutlineFileName:C:\Users\veigel\Desktop\blink\Vorgaben_blink Ordner\Document fonts\POLOST11K-KRFTG.PFM
FileLength:2108
FileModTime:1533017851
%EndFont

%BeginFont
Handler:DirectoryHandler
FontType:Type1
FontName:PoloST11K-Leicht
FamilyName:Polo S T 11 K
StyleName:Leicht
FullName:PoloST11K-Leicht
MenuName:PoloST11K-Leicht
StyleBits:0
WritingScript:Roman
OutlineFileName:C:\Users\veigel\Desktop\blink\Vorgaben_blink Ordner\Document fonts\polost11k-leicht.pfb
DataFormat:Plain
UsesStandardEncoding:no
isCFF:no
FileLength:36197
FileModTime:1533017852
WeightClass:400
WidthClass:5
AngleClass:0
DesignSize:-1
%EndFont

%BeginFont
Handler:DirectoryHandler
FontType:PFM
FontName:PoloST11K-Leicht
NumMMAxes:0
OutlineFileName:C:\Users\veigel\Desktop\blink\Vorgaben_blink Ordner\Document fonts\POLOST11K-LEICHT.PFM
FileLength:2482
FileModTime:1533017852
%EndFont

